TAP version 13
# Subtest: wounded 44 ceiling permits an actual legal thrust, while below ceiling still recovers
not ok 1 - wounded 44 ceiling permits an actual legal thrust, while below ceiling still recovers
  ---
  duration_ms: 7.88905
  type: 'test'
  location: '/srv/dev-jobs/recovery-charge-stage-8d61cc0e569c/src/tests/recovery-charge-regression.test.mjs:11:1'
  failureType: 'testCodeFailure'
  error: |-
    Expected values to be strictly equal:
    
    null !== 'KeyT'
    
  code: 'ERR_ASSERTION'
  name: 'AssertionError'
  expected: 'KeyT'
  actual: ~
  operator: 'strictEqual'
  stack: |-
    TestContext.<anonymous> (file:///srv/dev-jobs/recovery-charge-stage-8d61cc0e569c/src/tests/recovery-charge-regression.test.mjs:15:9)
    Test.runInAsyncScope (node:async_hooks:214:14)
    Test.run (node:internal/test_runner/test:1047:25)
    Test.start (node:internal/test_runner/test:944:17)
    startSubtestAfterBootstrap (node:internal/test_runner/harness:296:17)
  ...
# Subtest: wounded ceiling can clear held worn state after posture recovers
not ok 2 - wounded ceiling can clear held worn state after posture recovers
  ---
  duration_ms: 0.256782
  type: 'test'
  location: '/srv/dev-jobs/recovery-charge-stage-8d61cc0e569c/src/tests/recovery-charge-regression.test.mjs:22:1'
  failureType: 'testCodeFailure'
  error: |-
    Expected values to be strictly equal:
    
    true !== false
    
  code: 'ERR_ASSERTION'
  name: 'AssertionError'
  expected: false
  actual: true
  operator: 'strictEqual'
  stack: |-
    TestContext.<anonymous> (file:///srv/dev-jobs/recovery-charge-stage-8d61cc0e569c/src/tests/recovery-charge-regression.test.mjs:25:9)
    Test.runInAsyncScope (node:async_hooks:214:14)
    Test.run (node:internal/test_runner/test:1047:25)
    Test.processPendingSubtests (node:internal/test_runner/test:744:18)
    Test.postRun (node:internal/test_runner/test:1173:19)
    Test.run (node:internal/test_runner/test:1101:12)
    async startSubtestAfterBootstrap (node:internal/test_runner/harness:296:3)
  ...
# Subtest: limited ceiling comes from current visible shaded bar, not opponent hidden state
not ok 3 - limited ceiling comes from current visible shaded bar, not opponent hidden state
  ---
  duration_ms: 0.578123
  type: 'test'
  location: '/srv/dev-jobs/recovery-charge-stage-8d61cc0e569c/src/tests/recovery-charge-regression.test.mjs:27:1'
  failureType: 'testCodeFailure'
  error: |-
    Expected values to be strictly equal:
    
    100 !== 44
    
  code: 'ERR_ASSERTION'
  name: 'AssertionError'
  expected: 44
  actual: 100
  operator: 'strictEqual'
  stack: |-
    TestContext.<anonymous> (file:///srv/dev-jobs/recovery-charge-stage-8d61cc0e569c/src/tests/recovery-charge-regression.test.mjs:29:9)
    Test.runInAsyncScope (node:async_hooks:214:14)
    Test.run (node:internal/test_runner/test:1047:25)
    Test.processPendingSubtests (node:internal/test_runner/test:744:18)
    Test.postRun (node:internal/test_runner/test:1173:19)
    Test.run (node:internal/test_runner/test:1101:12)
    async Test.processPendingSubtests (node:internal/test_runner/test:744:7)
  ...
# Subtest: charge semantics match actual enemy onset and own completion, not light holds or enemy completion
not ok 4 - charge semantics match actual enemy onset and own completion, not light holds or enemy completion
  ---
  duration_ms: 2.328715
  type: 'test'
  location: '/srv/dev-jobs/recovery-charge-stage-8d61cc0e569c/src/tests/recovery-charge-regression.test.mjs:31:1'
  failureType: 'testCodeFailure'
  error: |-
    Expected values to be strictly deep-equal:
    + actual - expected
    
      [
        {
    +     tick: 1194,
    -     actor: 1,
    -     cue: 'charge_foe',
    -     tick: 1165,
          type: 'ChargeCue'
        },
        {
    -     actor: 0,
    -     cue: 'charge',
          tick: 1230,
          type: 'ChargeCue'
        }
      ]
    
  code: 'ERR_ASSERTION'
  name: 'AssertionError'
  expected:
    0:
      tick: 1165
      type: 'ChargeCue'
      actor: 1
      cue: 'charge_foe'
    1:
      tick: 1230
      type: 'ChargeCue'
      actor: 0
      cue: 'charge'
  actual:
    0:
      tick: 1194
      type: 'ChargeCue'
    1:
      tick: 1230
      type: 'ChargeCue'
  operator: 'deepStrictEqual'
  stack: |-
    TestContext.<anonymous> (file:///srv/dev-jobs/recovery-charge-stage-8d61cc0e569c/src/tests/recovery-charge-regression.test.mjs:38:9)
    Test.runInAsyncScope (node:async_hooks:214:14)
    Test.run (node:internal/test_runner/test:1047:25)
    Test.processPendingSubtests (node:internal/test_runner/test:744:18)
    Test.postRun (node:internal/test_runner/test:1173:19)
    Test.run (node:internal/test_runner/test:1101:12)
    async Test.processPendingSubtests (node:internal/test_runner/test:744:7)
  ...
# Subtest: enemy cue retains reaction delay and survives simultaneous own charging without completing our charge
not ok 5 - enemy cue retains reaction delay and survives simultaneous own charging without completing our charge
  ---
  duration_ms: 0.602369
  type: 'test'
  location: '/srv/dev-jobs/recovery-charge-stage-8d61cc0e569c/src/tests/recovery-charge-regression.test.mjs:40:1'
  failureType: 'testCodeFailure'
  error: |-
    Expected values to be strictly equal:
    + actual - expected
    
    + undefined
    - 1165
    
  code: 'ERR_ASSERTION'
  name: 'AssertionError'
  expected: 1165
  operator: 'strictEqual'
  stack: |-
    TestContext.<anonymous> (file:///srv/dev-jobs/recovery-charge-stage-8d61cc0e569c/src/tests/recovery-charge-regression.test.mjs:45:20)
    Test.runInAsyncScope (node:async_hooks:214:14)
    Test.run (node:internal/test_runner/test:1047:25)
    Test.processPendingSubtests (node:internal/test_runner/test:744:18)
    Test.postRun (node:internal/test_runner/test:1173:19)
    Test.run (node:internal/test_runner/test:1101:12)
    async Test.processPendingSubtests (node:internal/test_runner/test:744:7)
  ...
1..5
# tests 5
# suites 0
# pass 0
# fail 5
# cancelled 0
# skipped 0
# todo 0
# duration_ms 306.708184
